// Jest Snapshot v1, https://goo.gl/fbAQLP

exports[`HelloWorld render Render with prop username 1`] = `ShallowWrapper {}`;
